hooks/index.ts(4,1): error TS2308: Module './useVehicles' has already exported a member named 'useVehicleLocations'. Consider explicitly re-exporting to resolve the ambiguity.
hooks/index.ts(4,1): error TS2308: Module './useVehicles' has already exported a member named 'useVehicleSummary'. Consider explicitly re-exporting to resolve the ambiguity.
lib/supabase.ts(7,33): error TS2339: Property 'env' does not exist on type 'ImportMeta'.
lib/supabase.ts(8,37): error TS2339: Property 'env' does not exist on type 'ImportMeta'.
services/alertService.ts(89,15): error TS2769: No overload matches this call.
  Overload 1 of 2, '(values: never, options?: { count?: "exact" | "planned" | "estimated"; }): PostgrestFilterBuilder<{ PostgrestVersion: "12"; }, never, never, null, "vehicle_alerts", never, "POST">', gave the following error.
    Argument of type '{ id?: string; vehicle_id: string; alert_type: string; severity?: "critical" | "info" | "warning"; title: string; message: string; reference_id?: string; reference_type?: string; is_read?: boolean; is_resolved?: boolean; resolved_at?: string; resolved_by?: string; created_at?: string; }' is not assignable to parameter of type 'never'.
  Overload 2 of 2, '(values: never[], options?: { count?: "exact" | "planned" | "estimated"; defaultToNull?: boolean; }): PostgrestFilterBuilder<{ PostgrestVersion: "12"; }, never, never, null, "vehicle_alerts", never, "POST">', gave the following error.
    Argument of type '{ id?: string; vehicle_id: string; alert_type: string; severity?: "critical" | "info" | "warning"; title: string; message: string; reference_id?: string; reference_type?: string; is_read?: boolean; is_resolved?: boolean; resolved_at?: string; resolved_by?: string; created_at?: string; }' is not assignable to parameter of type 'never[]'.
      Type '{ id?: string; vehicle_id: string; alert_type: string; severity?: "critical" | "info" | "warning"; title: string; message: string; reference_id?: string; reference_type?: string; is_read?: boolean; is_resolved?: boolean; resolved_at?: string; resolved_by?: string; created_at?: string; }' is missing the following properties from type 'never[]': length, pop, push, concat, and 29 more.
services/alertService.ts(101,15): error TS2345: Argument of type '{ is_read: boolean; }' is not assignable to parameter of type 'never'.
services/alertService.ts(114,15): error TS2345: Argument of type '{ is_resolved: boolean; resolved_at: string; resolved_by: string; }' is not assignable to parameter of type 'never'.
services/alertService.ts(131,15): error TS2345: Argument of type '{ id?: string; vehicle_id?: string; alert_type?: string; severity?: "critical" | "info" | "warning"; title?: string; message?: string; reference_id?: string; reference_type?: string; is_read?: boolean; is_resolved?: boolean; resolved_at?: string; resolved_by?: string; created_at?: string; }' is not assignable to parameter of type 'never'.
services/fuelService.ts(81,15): error TS2769: No overload matches this call.
  Overload 1 of 2, '(values: never, options?: { count?: "exact" | "planned" | "estimated"; }): PostgrestFilterBuilder<{ PostgrestVersion: "12"; }, never, never, null, "fuel_records", never, "POST">', gave the following error.
    Argument of type '{ id?: string; vehicle_id: string; user_id: string; odometer: number; fuel_type: string; liters: number; price_per_liter: number; fuel_station?: string; fuel_station_location?: string; receipt_number?: string; ... 5 more ...; updated_at?: string; }' is not assignable to parameter of type 'never'.
  Overload 2 of 2, '(values: never[], options?: { count?: "exact" | "planned" | "estimated"; defaultToNull?: boolean; }): PostgrestFilterBuilder<{ PostgrestVersion: "12"; }, never, never, null, "fuel_records", never, "POST">', gave the following error.
    Argument of type '{ id?: string; vehicle_id: string; user_id: string; odometer: number; fuel_type: string; liters: number; price_per_liter: number; fuel_station?: string; fuel_station_location?: string; receipt_number?: string; ... 5 more ...; updated_at?: string; }' is not assignable to parameter of type 'never[]'.
      Type '{ id?: string; vehicle_id: string; user_id: string; odometer: number; fuel_type: string; liters: number; price_per_liter: number; fuel_station?: string; fuel_station_location?: string; receipt_number?: string; ... 5 more ...; updated_at?: string; }' is missing the following properties from type 'never[]': length, pop, push, concat, and 29 more.
services/fuelService.ts(93,15): error TS2345: Argument of type '{ updated_at: string; id?: string; vehicle_id?: string; user_id?: string; odometer?: number; fuel_type?: string; liters?: number; price_per_liter?: number; fuel_station?: string | null; fuel_station_location?: string | null; ... 5 more ...; created_at?: string; }' is not assignable to parameter of type 'never'.
services/maintenanceService.ts(54,15): error TS2769: No overload matches this call.
  Overload 1 of 2, '(values: never, options?: { count?: "exact" | "planned" | "estimated"; }): PostgrestFilterBuilder<{ PostgrestVersion: "12"; }, never, never, null, "maintenance_schedules", never, "POST">', gave the following error.
    Argument of type '{ id?: string; vehicle_id: string; maintenance_type: string; maintenance_name: string; description?: string; interval_type: string; interval_km?: number; interval_months?: number; last_service_date?: string; ... 9 more ...; created_by?: string; }' is not assignable to parameter of type 'never'.
  Overload 2 of 2, '(values: never[], options?: { count?: "exact" | "planned" | "estimated"; defaultToNull?: boolean; }): PostgrestFilterBuilder<{ PostgrestVersion: "12"; }, never, never, null, "maintenance_schedules", never, "POST">', gave the following error.
    Argument of type '{ id?: string; vehicle_id: string; maintenance_type: string; maintenance_name: string; description?: string; interval_type: string; interval_km?: number; interval_months?: number; last_service_date?: string; ... 9 more ...; created_by?: string; }' is not assignable to parameter of type 'never[]'.
      Type '{ id?: string; vehicle_id: string; maintenance_type: string; maintenance_name: string; description?: string; interval_type: string; interval_km?: number; interval_months?: number; last_service_date?: string; ... 9 more ...; created_by?: string; }' is missing the following properties from type 'never[]': length, pop, push, concat, and 29 more.
services/maintenanceService.ts(131,15): error TS2769: No overload matches this call.
  Overload 1 of 2, '(values: never, options?: { count?: "exact" | "planned" | "estimated"; }): PostgrestFilterBuilder<{ PostgrestVersion: "12"; }, never, never, null, "maintenance_history", never, "POST">', gave the following error.
    Argument of type '{ id?: string; vehicle_id: string; schedule_id?: string; ticket_id?: number; maintenance_type: string; maintenance_name: string; description?: string; odometer: number; performed_at?: string; cost?: number; ... 10 more ...; created_by?: string; }' is not assignable to parameter of type 'never'.
  Overload 2 of 2, '(values: never[], options?: { count?: "exact" | "planned" | "estimated"; defaultToNull?: boolean; }): PostgrestFilterBuilder<{ PostgrestVersion: "12"; }, never, never, null, "maintenance_history", never, "POST">', gave the following error.
    Argument of type '{ id?: string; vehicle_id: string; schedule_id?: string; ticket_id?: number; maintenance_type: string; maintenance_name: string; description?: string; odometer: number; performed_at?: string; cost?: number; ... 10 more ...; created_by?: string; }' is not assignable to parameter of type 'never[]'.
      Type '{ id?: string; vehicle_id: string; schedule_id?: string; ticket_id?: number; maintenance_type: string; maintenance_name: string; description?: string; odometer: number; performed_at?: string; cost?: number; ... 10 more ...; created_by?: string; }' is missing the following properties from type 'never[]': length, pop, push, concat, and 29 more.
services/profileService.ts(43,15): error TS2345: Argument of type '{ id?: string; email?: string; full_name?: string; role?: AppRole; created_at?: string; }' is not assignable to parameter of type 'never'.
services/profileService.ts(56,15): error TS2345: Argument of type '{ id?: string; email?: string; full_name?: string; role?: AppRole; created_at?: string; }' is not assignable to parameter of type 'never'.
services/reportsService.ts(27,69): error TS2339: Property 'cost' does not exist on type 'never'.
services/reportsService.ts(41,77): error TS2339: Property 'cost' does not exist on type 'never'.
services/reportsService.ts(84,27): error TS2339: Property 'ticket' does not exist on type 'never'.
services/reportsService.ts(94,27): error TS2339: Property 'cost' does not exist on type 'never'.
services/reportsService.ts(99,34): error TS2339: Property 'created_at' does not exist on type 'never'.
services/ticketService.ts(140,15): error TS2769: No overload matches this call.
  Overload 1 of 2, '(values: never, options?: { count?: "exact" | "planned" | "estimated"; }): PostgrestFilterBuilder<{ PostgrestVersion: "12"; }, never, never, null, "tickets", never, "POST">', gave the following error.
    Argument of type '{ ticket_number: any; id?: number; created_at?: string; reporter_id: string; vehicle_id: string; odometer?: number | null; urgency?: UrgencyLevel; repair_type?: string | null; ... 17 more ...; repair_notes?: string | null; }' is not assignable to parameter of type 'never'.
  Overload 2 of 2, '(values: never[], options?: { count?: "exact" | "planned" | "estimated"; defaultToNull?: boolean; }): PostgrestFilterBuilder<{ PostgrestVersion: "12"; }, never, never, null, "tickets", never, "POST">', gave the following error.
    Argument of type '{ ticket_number: any; id?: number; created_at?: string; reporter_id: string; vehicle_id: string; odometer?: number | null; urgency?: UrgencyLevel; repair_type?: string | null; ... 17 more ...; repair_notes?: string | null; }' is not assignable to parameter of type 'never[]'.
      Type '{ ticket_number: any; id?: number; created_at?: string; reporter_id: string; vehicle_id: string; odometer?: number; urgency?: UrgencyLevel; repair_type?: string; problem_description?: string; ... 16 more ...; repair_notes?: string; }' is missing the following properties from type 'never[]': length, pop, push, concat, and 29 more.
services/ticketService.ts(191,15): error TS2769: No overload matches this call.
  Overload 1 of 2, '(values: never, options?: { count?: "exact" | "planned" | "estimated"; }): PostgrestFilterBuilder<{ PostgrestVersion: "12"; }, never, never, null, "ticket_costs", never, "POST">', gave the following error.
    Argument of type '{ ticket_id: number; description?: string; cost?: number; category?: string; note?: string; }' is not assignable to parameter of type 'never'.
  Overload 2 of 2, '(values: never[], options?: { count?: "exact" | "planned" | "estimated"; defaultToNull?: boolean; }): PostgrestFilterBuilder<{ PostgrestVersion: "12"; }, never, never, null, "ticket_costs", never, "POST">', gave the following error.
    Argument of type '{ ticket_id: number; description?: string; cost?: number; category?: string; note?: string; }' is not assignable to parameter of type 'never[]'.
      Type '{ ticket_id: number; description?: string; cost?: number; category?: string; note?: string; }' is missing the following properties from type 'never[]': length, pop, push, concat, and 29 more.
services/usageService.ts(72,34): error TS2339: Property 'day' does not exist on type 'never'.
services/usageService.ts(77,53): error TS2339: Property 'active_vehicles' does not exist on type 'never'.
services/usageService.ts(101,8): error TS2769: No overload matches this call.
  Overload 1 of 2, '(values: never, options?: { count?: "exact" | "planned" | "estimated"; }): PostgrestFilterBuilder<{ PostgrestVersion: "12"; }, never, never, null, "vehicle_usage", never, "POST">', gave the following error.
    Argument of type '{ status: string; id?: string; vehicle_id: string; user_id: string; odometer_start: number; odometer_end?: number | null; purpose: string; destination?: string | null; route?: string | null; ... 5 more ...; updated_at?: string; }' is not assignable to parameter of type 'never'.
  Overload 2 of 2, '(values: never[], options?: { count?: "exact" | "planned" | "estimated"; defaultToNull?: boolean; }): PostgrestFilterBuilder<{ PostgrestVersion: "12"; }, never, never, null, "vehicle_usage", never, "POST">', gave the following error.
    Object literal may only specify known properties, and 'status' does not exist in type 'never[]'.
services/usageService.ts(120,15): error TS2345: Argument of type '{ status: string; updated_at: string; odometer_end: number; end_time?: string; notes?: string; }' is not assignable to parameter of type 'never'.
services/usageService.ts(137,15): error TS2769: No overload matches this call.
  Overload 1 of 2, '(values: never, options?: { count?: "exact" | "planned" | "estimated"; }): PostgrestFilterBuilder<{ PostgrestVersion: "12"; }, never, never, null, "vehicle_usage", never, "POST">', gave the following error.
    Argument of type '{ id?: string; vehicle_id: string; user_id: string; odometer_start: number; odometer_end?: number; purpose: string; destination?: string; route?: string; notes?: string; status?: string; is_manual_correction?: boolean; start_time?: string; end_time?: string; created_at?: string; updated_at?: string; }' is not assignable to parameter of type 'never'.
  Overload 2 of 2, '(values: never[], options?: { count?: "exact" | "planned" | "estimated"; defaultToNull?: boolean; }): PostgrestFilterBuilder<{ PostgrestVersion: "12"; }, never, never, null, "vehicle_usage", never, "POST">', gave the following error.
    Argument of type '{ id?: string; vehicle_id: string; user_id: string; odometer_start: number; odometer_end?: number; purpose: string; destination?: string; route?: string; notes?: string; status?: string; is_manual_correction?: boolean; start_time?: string; end_time?: string; created_at?: string; updated_at?: string; }' is not assignable to parameter of type 'never[]'.
      Type '{ id?: string; vehicle_id: string; user_id: string; odometer_start: number; odometer_end?: number; purpose: string; destination?: string; route?: string; notes?: string; status?: string; is_manual_correction?: boolean; start_time?: string; end_time?: string; created_at?: string; updated_at?: string; }' is missing the following properties from type 'never[]': length, pop, push, concat, and 29 more.
services/usageService.ts(149,15): error TS2345: Argument of type '{ updated_at: string; id?: string; vehicle_id?: string; user_id?: string; odometer_start?: number; odometer_end?: number | null; purpose?: string; destination?: string | null; route?: string | null; ... 5 more ...; created_at?: string; }' is not assignable to parameter of type 'never'.
services/vehicleService.ts(116,13): error TS2339: Property 'id' does not exist on type 'never'.
services/vehicleService.ts(117,16): error TS2339: Property 'plate' does not exist on type 'never'.
services/vehicleService.ts(118,15): error TS2339: Property 'make' does not exist on type 'never'.
services/vehicleService.ts(119,16): error TS2339: Property 'model' does not exist on type 'never'.
services/vehicleService.ts(120,18): error TS2339: Property 'status' does not exist on type 'never'.
services/vehicleService.ts(121,14): error TS2339: Property 'lat' does not exist on type 'never'.
services/vehicleService.ts(122,14): error TS2339: Property 'lng' does not exist on type 'never'.
services/vehicleService.ts(123,20): error TS2339: Property 'last_fuel_efficiency' does not exist on type 'never'.
services/vehicleService.ts(131,15): error TS2769: No overload matches this call.
  Overload 1 of 2, '(values: never, options?: { count?: "exact" | "planned" | "estimated"; }): PostgrestFilterBuilder<{ PostgrestVersion: "12"; }, never, never, null, "vehicles", never, "POST">', gave the following error.
    Argument of type '{ id?: string; plate: string; make?: string; model?: string; type?: string; branch?: string; lat?: number; lng?: number; created_at?: string; }' is not assignable to parameter of type 'never'.
  Overload 2 of 2, '(values: never[], options?: { count?: "exact" | "planned" | "estimated"; defaultToNull?: boolean; }): PostgrestFilterBuilder<{ PostgrestVersion: "12"; }, never, never, null, "vehicles", never, "POST">', gave the following error.
    Argument of type '{ id?: string; plate: string; make?: string; model?: string; type?: string; branch?: string; lat?: number; lng?: number; created_at?: string; }' is not assignable to parameter of type 'never[]'.
      Type '{ id?: string; plate: string; make?: string; model?: string; type?: string; branch?: string; lat?: number; lng?: number; created_at?: string; }' is missing the following properties from type 'never[]': length, pop, push, concat, and 29 more.
services/vehicleService.ts(143,15): error TS2345: Argument of type '{ id?: string; plate?: string; make?: string; model?: string; type?: string; branch?: string; lat?: number; lng?: number; created_at?: string; }' is not assignable to parameter of type 'never'.
stores/authStore.ts(187,41): error TS18047: 'profile' is possibly 'null'.
views/RLSTestView.tsx(108,57): error TS2345: Argument of type '{ vehicle_id: string; odometer: number; urgency: "medium"; repair_type: string; problem_description: string; }' is not assignable to parameter of type '{ id?: number; created_at?: string; reporter_id: string; vehicle_id: string; odometer?: number; urgency?: UrgencyLevel; repair_type?: string; problem_description?: string; status?: TicketStatus; ... 16 more ...; repair_notes?: string; }'.
  Property 'reporter_id' is missing in type '{ vehicle_id: string; odometer: number; urgency: "medium"; repair_type: string; problem_description: string; }' but required in type '{ id?: number; created_at?: string; reporter_id: string; vehicle_id: string; odometer?: number; urgency?: UrgencyLevel; repair_type?: string; problem_description?: string; status?: TicketStatus; ... 16 more ...; repair_notes?: string; }'.
